2025-03-26 15:38:06 - DataCollector - INFO - 数据采集线程已启动
2025-03-26 16:04:30 - DataCollector - INFO - 数据采集线程已启动
2025-03-26 16:08:51 - DataCollector - INFO - 数据采集线程已启动
2025-03-26 16:15:00 - DataCollector - INFO - 数据采集线程已启动
2025-03-26 16:15:36 - DataCollector - INFO - 数据采集线程已启动
2025-03-26 16:21:13 - DataCollector - INFO - 数据采集线程已启动
2025-03-26 16:27:54 - DataCollector - INFO - 数据采集线程已启动
2025-03-26 16:30:39 - DataCollector - INFO - 数据采集线程已启动
2025-03-26 16:32:36 - DataCollector - INFO - 数据采集线程已启动
2025-03-26 16:34:34 - DataCollector - INFO - 数据采集线程已启动
2025-03-26 16:34:46 - DataCollector - INFO - 开始记录数据
2025-03-26 16:34:51 - DataCollector - INFO - 采集统计 - EMG: 199.9Hz (1000样本) | 手部: 32.1Hz (161样本) | 持续时间: 5.0s
2025-03-26 16:34:51 - DataCollector - INFO - Myo采样统计 - 采样率: 194.0Hz | 平均间隔: 5.15ms | 标准差: 8.10ms
2025-03-26 16:34:52 - DataCollector - INFO - 正在保存数据到: data\20250326_163452_4_right_6.h5
2025-03-26 16:34:52 - DataCollector - INFO - 数据保存成功: data\20250326_163452_4_right_6.h5
2025-03-26 16:34:52 - DataCollector - INFO - 停止记录，文件保存在: data\20250326_163452_4_right_6.h5
2025-03-26 16:37:08 - DataCollector - INFO - 数据采集线程已启动
2025-03-26 16:41:37 - DataCollector - INFO - 数据采集线程已启动
2025-03-26 16:43:53 - DataCollector - INFO - 数据采集线程已启动
2025-03-26 16:48:14 - DataCollector - INFO - 数据采集线程已启动
2025-03-26 16:50:29 - DataCollector - INFO - 数据采集线程已启动
2025-03-26 16:54:16 - DataCollector - INFO - 数据采集线程已启动
2025-03-26 16:59:34 - DataCollector - INFO - 数据采集线程已启动
2025-03-26 17:00:21 - DataCollector - INFO - 数据采集线程已启动
2025-03-26 17:02:35 - DataCollector - INFO - 数据采集线程已启动
2025-03-26 17:04:36 - DataCollector - INFO - 数据采集线程已启动
2025-03-26 17:04:46 - DataCollector - INFO - 开始记录数据
2025-03-26 17:04:51 - DataCollector - INFO - 采集统计 - EMG: 199.6Hz (998样本) | 手部: 32.1Hz (161样本) | 持续时间: 5.0s
2025-03-26 17:04:51 - DataCollector - INFO - Myo采样统计 - 采样率: 201.7Hz | 平均间隔: 4.96ms | 标准差: 8.49ms
2025-03-26 17:04:56 - DataCollector - INFO - 采集统计 - EMG: 199.5Hz (1998样本) | 手部: 32.1Hz (322样本) | 持续时间: 10.0s
2025-03-26 17:04:56 - DataCollector - INFO - Myo采样统计 - 采样率: 198.8Hz | 平均间隔: 5.03ms | 标准差: 8.55ms
2025-03-26 17:04:58 - DataCollector - INFO - 正在保存数据到: data\20250326_170458_4_right_6.h5
2025-03-26 17:04:58 - DataCollector - INFO - 数据保存成功: data\20250326_170458_4_right_6.h5
2025-03-26 17:04:58 - DataCollector - INFO - 停止记录，文件保存在: data\20250326_170458_4_right_6.h5
2025-03-26 17:07:27 - DataCollector - INFO - 数据采集线程已启动
2025-03-26 17:07:33 - DataCollector - INFO - 开始记录数据
2025-03-26 17:07:38 - DataCollector - INFO - 采集统计 - EMG: 200.1Hz (998样本) | 手部: 32.1Hz (161样本) | 持续时间: 5.0s
2025-03-26 17:07:38 - DataCollector - INFO - Myo采样统计 - 采样率: 202.4Hz | 平均间隔: 4.94ms | 标准差: 8.57ms
2025-03-26 17:07:43 - DataCollector - INFO - 采集统计 - EMG: 199.9Hz (1994样本) | 手部: 32.1Hz (322样本) | 持续时间: 10.0s
2025-03-26 17:07:43 - DataCollector - INFO - Myo采样统计 - 采样率: 201.0Hz | 平均间隔: 4.97ms | 标准差: 8.49ms
2025-03-26 17:07:47 - DataCollector - INFO - 正在保存数据到: data\20250326_170747_4_right_6.h5
2025-03-26 17:07:47 - DataCollector - INFO - 数据保存成功: data\20250326_170747_4_right_6.h5
2025-03-26 17:07:47 - DataCollector - INFO - 停止记录，文件保存在: data\20250326_170747_4_right_6.h5
2025-03-26 17:09:47 - DataCollector - INFO - 数据采集线程已启动
2025-03-26 17:10:05 - DataCollector - INFO - 开始记录数据
2025-03-26 17:10:10 - DataCollector - INFO - 采集统计 - EMG: 199.8Hz (1005样本) | 手部: 32.1Hz (161样本) | 持续时间: 5.0s
2025-03-26 17:10:10 - DataCollector - INFO - Myo采样统计 - 采样率: 197.8Hz | 平均间隔: 5.06ms | 标准差: 8.69ms
2025-03-26 17:10:12 - DataCollector - INFO - 正在保存数据到: data\20250326_171012_4_right_6.h5
2025-03-26 17:10:12 - DataCollector - INFO - 数据保存成功: data\20250326_171012_4_right_6.h5
2025-03-26 17:10:12 - DataCollector - INFO - 停止记录，文件保存在: data\20250326_171012_4_right_6.h5
2025-03-26 17:10:29 - DataCollector - INFO - 开始记录数据
2025-03-26 17:10:34 - DataCollector - INFO - 采集统计 - EMG: 200.3Hz (999样本) | 手部: 32.0Hz (161样本) | 持续时间: 5.0s
2025-03-26 17:10:34 - DataCollector - INFO - Myo采样统计 - 采样率: 194.8Hz | 平均间隔: 5.13ms | 标准差: 8.73ms
2025-03-26 17:10:39 - DataCollector - INFO - 采集统计 - EMG: 199.9Hz (2001样本) | 手部: 32.1Hz (321样本) | 持续时间: 10.0s
2025-03-26 17:10:39 - DataCollector - INFO - Myo采样统计 - 采样率: 208.9Hz | 平均间隔: 4.79ms | 标准差: 8.18ms
2025-03-26 17:10:44 - DataCollector - INFO - 采集统计 - EMG: 199.5Hz (2997样本) | 手部: 32.1Hz (482样本) | 持续时间: 15.0s
2025-03-26 17:10:44 - DataCollector - INFO - Myo采样统计 - 采样率: 195.9Hz | 平均间隔: 5.10ms | 标准差: 8.74ms
2025-03-26 17:10:49 - DataCollector - INFO - 正在保存数据到: data\20250326_171049_4_right_6.h5
2025-03-26 17:10:49 - DataCollector - INFO - 数据保存成功: data\20250326_171049_4_right_6.h5
2025-03-26 17:10:49 - DataCollector - INFO - 停止记录，文件保存在: data\20250326_171049_4_right_6.h5
2025-03-26 17:12:07 - DataCollector - INFO - 数据采集线程已启动
2025-03-26 17:12:17 - DataCollector - INFO - 开始记录数据
2025-03-26 17:12:22 - DataCollector - INFO - 采集统计 - EMG: 200.0Hz (1000样本) | 手部: 32.1Hz (161样本) | 持续时间: 5.0s
2025-03-26 17:12:22 - DataCollector - INFO - Myo采样统计 - 采样率: 200.3Hz | 平均间隔: 4.99ms | 标准差: 8.85ms
2025-03-26 17:12:27 - DataCollector - INFO - 采集统计 - EMG: 199.6Hz (1996样本) | 手部: 32.1Hz (322样本) | 持续时间: 10.0s
2025-03-26 17:12:27 - DataCollector - INFO - Myo采样统计 - 采样率: 196.3Hz | 平均间隔: 5.10ms | 标准差: 7.70ms
2025-03-26 17:12:31 - DataCollector - INFO - 正在保存数据到: data\20250326_171231_5_right_6.h5
2025-03-26 17:12:31 - DataCollector - INFO - 数据保存成功: data\20250326_171231_5_right_6.h5
2025-03-26 17:12:31 - DataCollector - INFO - 停止记录，文件保存在: data\20250326_171231_5_right_6.h5
2025-03-26 18:43:38 - DataCollector - INFO - 数据采集线程已启动
2025-03-26 18:52:02 - DataCollector - INFO - 数据采集线程已启动
2025-03-26 18:52:43 - DataCollector - INFO - 数据采集线程已启动
2025-03-26 18:56:16 - DataCollector - INFO - 数据采集线程已启动
2025-03-26 19:01:11 - DataCollector - INFO - 数据采集线程已启动
2025-03-26 19:02:20 - DataCollector - INFO - 数据采集线程已启动
2025-03-26 19:03:47 - DataCollector - INFO - 数据采集线程已启动
2025-03-26 20:39:05 - DataCollector - INFO - 数据采集线程已启动
2025-03-26 20:40:52 - DataCollector - INFO - 数据采集线程已启动
2025-03-26 20:42:38 - DataCollector - INFO - 开始记录数据
2025-03-26 20:42:43 - DataCollector - INFO - 采集统计 - EMG: 199.8Hz (998样本) | 手部: 32.2Hz (162样本) | 持续时间: 5.0s
2025-03-26 20:42:43 - DataCollector - INFO - Myo采样统计 - 采样率: 199.2Hz | 平均间隔: 5.02ms | 标准差: 8.65ms
2025-03-26 20:42:44 - DataCollector - INFO - 正在保存数据到: data\20250326_204244_1_right_6.h5
2025-03-26 20:42:44 - DataCollector - INFO - 数据保存成功: data\20250326_204244_1_right_6.h5
2025-03-26 20:42:44 - DataCollector - INFO - 停止记录，文件保存在: data\20250326_204244_1_right_6.h5
2025-03-26 20:44:40 - DataCollector - INFO - 开始记录数据
2025-03-26 20:44:45 - DataCollector - INFO - 采集统计 - EMG: 199.8Hz (1002样本) | 手部: 32.1Hz (161样本) | 持续时间: 5.0s
2025-03-26 20:44:45 - DataCollector - INFO - Myo采样统计 - 采样率: 200.8Hz | 平均间隔: 4.98ms | 标准差: 8.71ms
2025-03-26 20:44:50 - DataCollector - INFO - 采集统计 - EMG: 199.8Hz (2000样本) | 手部: 32.1Hz (322样本) | 持续时间: 10.0s
2025-03-26 20:44:50 - DataCollector - INFO - Myo采样统计 - 采样率: 200.3Hz | 平均间隔: 4.99ms | 标准差: 8.05ms
2025-03-26 20:44:51 - DataCollector - INFO - 正在保存数据到: data\20250326_204451_1_right_6.h5
2025-03-26 20:44:51 - DataCollector - INFO - 数据保存成功: data\20250326_204451_1_right_6.h5
2025-03-26 20:44:51 - DataCollector - INFO - 停止记录，文件保存在: data\20250326_204451_1_right_6.h5
2025-03-26 20:45:34 - DataCollector - INFO - 数据采集线程已启动
2025-03-26 20:45:52 - DataCollector - INFO - 开始记录数据
2025-03-26 20:45:57 - DataCollector - INFO - 采集统计 - EMG: 200.3Hz (1000样本) | 手部: 32.0Hz (161样本) | 持续时间: 5.0s
2025-03-26 20:45:57 - DataCollector - INFO - Myo采样统计 - 采样率: 203.5Hz | 平均间隔: 4.91ms | 标准差: 8.63ms
2025-03-26 20:46:02 - DataCollector - INFO - 采集统计 - EMG: 199.7Hz (1994样本) | 手部: 32.0Hz (321样本) | 持续时间: 10.0s
2025-03-26 20:46:02 - DataCollector - INFO - Myo采样统计 - 采样率: 200.6Hz | 平均间隔: 4.98ms | 标准差: 8.76ms
2025-03-26 20:46:07 - DataCollector - INFO - 采集统计 - EMG: 199.5Hz (2992样本) | 手部: 32.1Hz (482样本) | 持续时间: 15.0s
2025-03-26 20:46:07 - DataCollector - INFO - Myo采样统计 - 采样率: 203.5Hz | 平均间隔: 4.91ms | 标准差: 8.88ms
2025-03-26 20:46:12 - DataCollector - INFO - 采集统计 - EMG: 199.6Hz (3992样本) | 手部: 32.1Hz (642样本) | 持续时间: 20.0s
2025-03-26 20:46:12 - DataCollector - INFO - Myo采样统计 - 采样率: 201.8Hz | 平均间隔: 4.95ms | 标准差: 9.42ms
2025-03-26 20:46:12 - DataCollector - INFO - 正在保存数据到: data\20250326_204612_0_right_6.h5
2025-03-26 20:46:12 - DataCollector - INFO - 数据保存成功: data\20250326_204612_0_right_6.h5
2025-03-26 20:46:12 - DataCollector - INFO - 停止记录，文件保存在: data\20250326_204612_0_right_6.h5
2025-03-26 20:50:55 - DataCollector - INFO - 开始记录数据
2025-03-26 20:51:01 - DataCollector - INFO - 采集统计 - EMG: 197.8Hz (992样本) | 手部: 32.1Hz (161样本) | 持续时间: 5.0s
2025-03-26 20:51:01 - DataCollector - INFO - Myo采样统计 - 采样率: 202.5Hz | 平均间隔: 4.94ms | 标准差: 9.49ms
2025-03-26 20:51:06 - DataCollector - INFO - 采集统计 - EMG: 198.5Hz (1988样本) | 手部: 32.1Hz (322样本) | 持续时间: 10.0s
2025-03-26 20:51:06 - DataCollector - INFO - Myo采样统计 - 采样率: 200.7Hz | 平均间隔: 4.98ms | 标准差: 8.96ms
2025-03-26 20:51:06 - DataCollector - INFO - 正在保存数据到: data\20250326_205106_0_right_6.h5
2025-03-26 20:51:06 - DataCollector - INFO - 数据保存成功: data\20250326_205106_0_right_6.h5
2025-03-26 20:51:06 - DataCollector - INFO - 停止记录，文件保存在: data\20250326_205106_0_right_6.h5
2025-03-26 20:51:40 - DataCollector - INFO - 开始记录数据
2025-03-26 20:51:45 - DataCollector - INFO - 采集统计 - EMG: 200.0Hz (1000样本) | 手部: 32.0Hz (160样本) | 持续时间: 5.0s
2025-03-26 20:51:45 - DataCollector - INFO - Myo采样统计 - 采样率: 202.5Hz | 平均间隔: 4.94ms | 标准差: 9.39ms
2025-03-26 20:51:50 - DataCollector - INFO - 采集统计 - EMG: 199.9Hz (2000样本) | 手部: 32.0Hz (321样本) | 持续时间: 10.0s
2025-03-26 20:51:50 - DataCollector - INFO - Myo采样统计 - 采样率: 199.4Hz | 平均间隔: 5.01ms | 标准差: 8.53ms
2025-03-26 20:51:55 - DataCollector - INFO - 采集统计 - EMG: 199.7Hz (2996样本) | 手部: 32.0Hz (481样本) | 持续时间: 15.0s
2025-03-26 20:51:55 - DataCollector - INFO - Myo采样统计 - 采样率: 200.6Hz | 平均间隔: 4.98ms | 标准差: 8.97ms
2025-03-26 20:51:58 - DataCollector - INFO - 正在保存数据到: data\20250326_205158_0_right_6.h5
2025-03-26 20:51:58 - DataCollector - INFO - 数据保存成功: data\20250326_205158_0_right_6.h5
2025-03-26 20:51:58 - DataCollector - INFO - 停止记录，文件保存在: data\20250326_205158_0_right_6.h5
2025-03-26 20:55:13 - DataCollector - INFO - 开始记录数据
2025-03-26 20:55:18 - DataCollector - INFO - 采集统计 - EMG: 200.0Hz (1000样本) | 手部: 32.1Hz (161样本) | 持续时间: 5.0s
2025-03-26 20:55:18 - DataCollector - INFO - Myo采样统计 - 采样率: 205.0Hz | 平均间隔: 4.88ms | 标准差: 8.16ms
2025-03-26 20:55:23 - DataCollector - INFO - 采集统计 - EMG: 199.7Hz (2000样本) | 手部: 32.0Hz (322样本) | 持续时间: 10.0s
2025-03-26 20:55:23 - DataCollector - INFO - Myo采样统计 - 采样率: 198.2Hz | 平均间隔: 5.05ms | 标准差: 8.87ms
2025-03-26 20:55:23 - DataCollector - INFO - 正在保存数据到: data\20250326_205523_0_right_6.h5
2025-03-26 20:55:23 - DataCollector - INFO - 数据保存成功: data\20250326_205523_0_right_6.h5
2025-03-26 20:55:23 - DataCollector - INFO - 停止记录，文件保存在: data\20250326_205523_0_right_6.h5
2025-03-26 20:57:15 - DataCollector - INFO - 数据采集线程已启动
2025-03-26 21:00:56 - DataCollector - INFO - 数据采集线程已启动
2025-03-26 21:03:05 - DataCollector - INFO - 数据采集线程已启动
2025-03-26 21:03:43 - DataCollector - INFO - 开始记录数据
2025-03-26 21:03:48 - DataCollector - INFO - 采集统计 - EMG: 199.3Hz (998样本) | 手部: 32.2Hz (161样本) | 持续时间: 5.0s
2025-03-26 21:03:48 - DataCollector - INFO - Myo采样统计 - 采样率: 200.4Hz | 平均间隔: 4.99ms | 标准差: 9.47ms
2025-03-26 21:03:53 - DataCollector - INFO - 采集统计 - EMG: 199.9Hz (1996样本) | 手部: 32.1Hz (322样本) | 持续时间: 10.0s
2025-03-26 21:03:53 - DataCollector - INFO - Myo采样统计 - 采样率: 196.1Hz | 平均间隔: 5.10ms | 标准差: 9.90ms
2025-03-26 21:03:58 - DataCollector - INFO - 采集统计 - EMG: 199.7Hz (2996样本) | 手部: 32.1Hz (482样本) | 持续时间: 15.0s
2025-03-26 21:03:58 - DataCollector - INFO - Myo采样统计 - 采样率: 205.6Hz | 平均间隔: 4.86ms | 标准差: 9.58ms
2025-03-26 21:04:03 - DataCollector - INFO - 采集统计 - EMG: 199.6Hz (3996样本) | 手部: 32.1Hz (642样本) | 持续时间: 20.0s
2025-03-26 21:04:03 - DataCollector - INFO - Myo采样统计 - 采样率: 204.7Hz | 平均间隔: 4.88ms | 标准差: 8.82ms
2025-03-26 21:04:04 - DataCollector - INFO - 正在保存数据到: data\20250326_210404_1_right_6.h5
2025-03-26 21:04:04 - DataCollector - INFO - 数据保存成功: data\20250326_210404_1_right_6.h5
2025-03-26 21:04:04 - DataCollector - INFO - 停止记录，文件保存在: data\20250326_210404_1_right_6.h5
2025-03-26 21:06:18 - DataCollector - INFO - 开始记录数据
2025-03-26 21:06:23 - DataCollector - INFO - 采集统计 - EMG: 200.1Hz (1000样本) | 手部: 32.1Hz (161样本) | 持续时间: 5.0s
2025-03-26 21:06:23 - DataCollector - INFO - Myo采样统计 - 采样率: 204.3Hz | 平均间隔: 4.89ms | 标准差: 8.58ms
2025-03-26 21:06:28 - DataCollector - INFO - 采集统计 - EMG: 199.8Hz (1996样本) | 手部: 32.1Hz (322样本) | 持续时间: 10.0s
2025-03-26 21:06:28 - DataCollector - INFO - Myo采样统计 - 采样率: 199.8Hz | 平均间隔: 5.01ms | 标准差: 8.88ms
2025-03-26 21:06:33 - DataCollector - INFO - 采集统计 - EMG: 199.7Hz (2996样本) | 手部: 32.1Hz (482样本) | 持续时间: 15.0s
2025-03-26 21:06:33 - DataCollector - INFO - Myo采样统计 - 采样率: 201.9Hz | 平均间隔: 4.95ms | 标准差: 8.31ms
2025-03-26 21:06:38 - DataCollector - INFO - 采集统计 - EMG: 199.6Hz (3992样本) | 手部: 32.1Hz (643样本) | 持续时间: 20.0s
2025-03-26 21:06:38 - DataCollector - INFO - Myo采样统计 - 采样率: 194.8Hz | 平均间隔: 5.13ms | 标准差: 9.47ms
2025-03-26 21:06:43 - DataCollector - INFO - 采集统计 - EMG: 199.6Hz (4996样本) | 手部: 32.1Hz (804样本) | 持续时间: 25.0s
2025-03-26 21:06:43 - DataCollector - INFO - Myo采样统计 - 采样率: 201.9Hz | 平均间隔: 4.95ms | 标准差: 9.33ms
2025-03-26 21:06:48 - DataCollector - INFO - 采集统计 - EMG: 199.6Hz (5992样本) | 手部: 32.1Hz (964样本) | 持续时间: 30.0s
2025-03-26 21:06:48 - DataCollector - INFO - Myo采样统计 - 采样率: 203.2Hz | 平均间隔: 4.92ms | 标准差: 9.27ms
2025-03-26 21:06:53 - DataCollector - INFO - 采集统计 - EMG: 199.5Hz (6990样本) | 手部: 32.1Hz (1125样本) | 持续时间: 35.1s
2025-03-26 21:06:53 - DataCollector - INFO - Myo采样统计 - 采样率: 195.1Hz | 平均间隔: 5.12ms | 标准差: 8.63ms
2025-03-26 21:06:58 - DataCollector - INFO - 采集统计 - EMG: 199.5Hz (7992样本) | 手部: 32.1Hz (1284样本) | 持续时间: 40.1s
2025-03-26 21:06:58 - DataCollector - INFO - Myo采样统计 - 采样率: 198.1Hz | 平均间隔: 5.05ms | 标准差: 8.48ms
2025-03-26 21:07:03 - DataCollector - INFO - 正在保存数据到: data\20250326_210703_1_right_6.h5
2025-03-26 21:07:03 - DataCollector - INFO - 数据保存成功: data\20250326_210703_1_right_6.h5
2025-03-26 21:07:03 - DataCollector - INFO - 停止记录，文件保存在: data\20250326_210703_1_right_6.h5
2025-03-26 21:07:58 - DataCollector - INFO - 数据采集线程已启动
2025-03-26 21:08:29 - DataCollector - INFO - 开始记录数据
2025-03-26 21:08:34 - DataCollector - INFO - 采集统计 - EMG: 200.4Hz (1008样本) | 手部: 32.0Hz (161样本) | 持续时间: 5.0s
2025-03-26 21:08:34 - DataCollector - INFO - Myo采样统计 - 采样率: 200.0Hz | 平均间隔: 5.00ms | 标准差: 8.64ms
2025-03-26 21:08:39 - DataCollector - INFO - 采集统计 - EMG: 199.9Hz (2006样本) | 手部: 32.0Hz (321样本) | 持续时间: 10.0s
2025-03-26 21:08:39 - DataCollector - INFO - Myo采样统计 - 采样率: 199.4Hz | 平均间隔: 5.01ms | 标准差: 9.22ms
2025-03-26 21:08:44 - DataCollector - INFO - 采集统计 - EMG: 199.8Hz (3006样本) | 手部: 32.0Hz (482样本) | 持续时间: 15.0s
2025-03-26 21:08:44 - DataCollector - INFO - Myo采样统计 - 采样率: 202.8Hz | 平均间隔: 4.93ms | 标准差: 9.20ms
2025-03-26 21:08:49 - DataCollector - INFO - 采集统计 - EMG: 199.8Hz (4004样本) | 手部: 32.0Hz (642样本) | 持续时间: 20.0s
2025-03-26 21:08:49 - DataCollector - INFO - Myo采样统计 - 采样率: 207.0Hz | 平均间隔: 4.83ms | 标准差: 9.27ms
2025-03-26 21:08:54 - DataCollector - INFO - 采集统计 - EMG: 199.7Hz (5000样本) | 手部: 32.0Hz (803样本) | 持续时间: 25.1s
2025-03-26 21:08:54 - DataCollector - INFO - Myo采样统计 - 采样率: 199.4Hz | 平均间隔: 5.02ms | 标准差: 8.53ms
2025-03-26 21:08:59 - DataCollector - INFO - 采集统计 - EMG: 199.7Hz (6004样本) | 手部: 32.1Hz (964样本) | 持续时间: 30.1s
2025-03-26 21:08:59 - DataCollector - INFO - Myo采样统计 - 采样率: 203.9Hz | 平均间隔: 4.90ms | 标准差: 8.32ms
2025-03-26 21:09:04 - DataCollector - INFO - 采集统计 - EMG: 199.6Hz (7004样本) | 手部: 32.1Hz (1124样本) | 持续时间: 35.1s
2025-03-26 21:09:04 - DataCollector - INFO - Myo采样统计 - 采样率: 199.7Hz | 平均间隔: 5.01ms | 标准差: 8.44ms
2025-03-26 21:09:09 - DataCollector - INFO - 采集统计 - EMG: 199.6Hz (8000样本) | 手部: 32.1Hz (1285样本) | 持续时间: 40.1s
2025-03-26 21:09:09 - DataCollector - INFO - Myo采样统计 - 采样率: 201.0Hz | 平均间隔: 4.98ms | 标准差: 8.93ms
2025-03-26 21:09:14 - DataCollector - INFO - 正在保存数据到: data\20250326_210914_2_right_6.h5
2025-03-26 21:09:14 - DataCollector - INFO - 数据保存成功: data\20250326_210914_2_right_6.h5
2025-03-26 21:09:14 - DataCollector - INFO - 停止记录，文件保存在: data\20250326_210914_2_right_6.h5
2025-03-26 21:11:24 - DataCollector - INFO - 开始记录数据
2025-03-26 21:11:29 - DataCollector - INFO - 采集统计 - EMG: 200.1Hz (1002样本) | 手部: 32.1Hz (162样本) | 持续时间: 5.0s
2025-03-26 21:11:29 - DataCollector - INFO - Myo采样统计 - 采样率: 200.9Hz | 平均间隔: 4.98ms | 标准差: 8.88ms
2025-03-26 21:11:34 - DataCollector - INFO - 采集统计 - EMG: 199.8Hz (2006样本) | 手部: 32.1Hz (322样本) | 持续时间: 10.0s
2025-03-26 21:11:34 - DataCollector - INFO - Myo采样统计 - 采样率: 198.3Hz | 平均间隔: 5.04ms | 标准差: 9.31ms
2025-03-26 21:11:39 - DataCollector - INFO - 采集统计 - EMG: 199.7Hz (3002样本) | 手部: 32.1Hz (483样本) | 持续时间: 15.0s
2025-03-26 21:11:39 - DataCollector - INFO - Myo采样统计 - 采样率: 199.0Hz | 平均间隔: 5.03ms | 标准差: 9.15ms
2025-03-26 21:11:44 - DataCollector - INFO - 采集统计 - EMG: 199.6Hz (4002样本) | 手部: 32.0Hz (642样本) | 持续时间: 20.0s
2025-03-26 21:11:44 - DataCollector - INFO - Myo采样统计 - 采样率: 204.2Hz | 平均间隔: 4.90ms | 标准差: 8.82ms
2025-03-26 21:11:49 - DataCollector - INFO - 采集统计 - EMG: 199.6Hz (5002样本) | 手部: 32.0Hz (802样本) | 持续时间: 25.0s
2025-03-26 21:11:49 - DataCollector - INFO - Myo采样统计 - 采样率: 200.8Hz | 平均间隔: 4.98ms | 标准差: 8.93ms
2025-03-26 21:11:54 - DataCollector - INFO - 采集统计 - EMG: 199.6Hz (6000样本) | 手部: 32.0Hz (963样本) | 持续时间: 30.1s
2025-03-26 21:11:55 - DataCollector - INFO - Myo采样统计 - 采样率: 200.3Hz | 平均间隔: 4.99ms | 标准差: 8.29ms
2025-03-26 21:12:00 - DataCollector - INFO - 采集统计 - EMG: 199.5Hz (7000样本) | 手部: 32.0Hz (1123样本) | 持续时间: 35.1s
2025-03-26 21:12:00 - DataCollector - INFO - Myo采样统计 - 采样率: 199.4Hz | 平均间隔: 5.02ms | 标准差: 8.20ms
2025-03-26 21:12:05 - DataCollector - INFO - 采集统计 - EMG: 199.5Hz (7994样本) | 手部: 32.0Hz (1284样本) | 持续时间: 40.1s
2025-03-26 21:12:05 - DataCollector - INFO - Myo采样统计 - 采样率: 198.4Hz | 平均间隔: 5.04ms | 标准差: 9.34ms
2025-03-26 21:12:09 - DataCollector - INFO - 正在保存数据到: data\20250326_211209_2_right_6.h5
2025-03-26 21:12:09 - DataCollector - INFO - 数据保存成功: data\20250326_211209_2_right_6.h5
2025-03-26 21:12:09 - DataCollector - INFO - 停止记录，文件保存在: data\20250326_211209_2_right_6.h5
2025-03-26 21:12:57 - DataCollector - INFO - 开始记录数据
2025-03-26 21:13:02 - DataCollector - INFO - 采集统计 - EMG: 200.1Hz (1003样本) | 手部: 32.2Hz (162样本) | 持续时间: 5.0s
2025-03-26 21:13:02 - DataCollector - INFO - Myo采样统计 - 采样率: 208.0Hz | 平均间隔: 4.81ms | 标准差: 8.47ms
2025-03-26 21:13:07 - DataCollector - INFO - 采集统计 - EMG: 199.9Hz (2000样本) | 手部: 32.1Hz (322样本) | 持续时间: 10.0s
2025-03-26 21:13:07 - DataCollector - INFO - Myo采样统计 - 采样率: 198.9Hz | 平均间隔: 5.03ms | 标准差: 9.18ms
2025-03-26 21:13:12 - DataCollector - INFO - 采集统计 - EMG: 199.8Hz (2996样本) | 手部: 32.1Hz (483样本) | 持续时间: 15.0s
2025-03-26 21:13:12 - DataCollector - INFO - Myo采样统计 - 采样率: 200.3Hz | 平均间隔: 4.99ms | 标准差: 9.47ms
2025-03-26 21:13:17 - DataCollector - INFO - 采集统计 - EMG: 199.7Hz (3996样本) | 手部: 32.1Hz (644样本) | 持续时间: 20.0s
2025-03-26 21:13:17 - DataCollector - INFO - Myo采样统计 - 采样率: 199.7Hz | 平均间隔: 5.01ms | 标准差: 8.43ms
2025-03-26 21:13:22 - DataCollector - INFO - 采集统计 - EMG: 199.6Hz (5000样本) | 手部: 32.1Hz (804样本) | 持续时间: 25.1s
2025-03-26 21:13:22 - DataCollector - INFO - Myo采样统计 - 采样率: 202.3Hz | 平均间隔: 4.94ms | 标准差: 8.32ms
2025-03-26 21:13:27 - DataCollector - INFO - 采集统计 - EMG: 199.6Hz (5998样本) | 手部: 32.1Hz (964样本) | 持续时间: 30.1s
2025-03-26 21:13:27 - DataCollector - INFO - Myo采样统计 - 采样率: 198.8Hz | 平均间隔: 5.03ms | 标准差: 8.96ms
2025-03-26 21:13:32 - DataCollector - INFO - 采集统计 - EMG: 199.6Hz (6992样本) | 手部: 32.1Hz (1125样本) | 持续时间: 35.1s
2025-03-26 21:13:32 - DataCollector - INFO - Myo采样统计 - 采样率: 198.8Hz | 平均间隔: 5.03ms | 标准差: 8.82ms
2025-03-26 21:13:37 - DataCollector - INFO - 采集统计 - EMG: 199.6Hz (7992样本) | 手部: 32.1Hz (1285样本) | 持续时间: 40.1s
2025-03-26 21:13:37 - DataCollector - INFO - Myo采样统计 - 采样率: 196.5Hz | 平均间隔: 5.09ms | 标准差: 9.25ms
2025-03-26 21:13:39 - DataCollector - INFO - 正在保存数据到: data\20250326_211339_2_right_6.h5
2025-03-26 21:13:39 - DataCollector - INFO - 数据保存成功: data\20250326_211339_2_right_6.h5
2025-03-26 21:13:39 - DataCollector - INFO - 停止记录，文件保存在: data\20250326_211339_2_right_6.h5
2025-03-26 21:14:05 - DataCollector - INFO - 开始记录数据
2025-03-26 21:14:10 - DataCollector - INFO - 采集统计 - EMG: 199.4Hz (1000样本) | 手部: 31.9Hz (160样本) | 持续时间: 5.0s
2025-03-26 21:14:10 - DataCollector - INFO - Myo采样统计 - 采样率: 200.3Hz | 平均间隔: 4.99ms | 标准差: 10.39ms
2025-03-26 21:14:15 - DataCollector - INFO - 采集统计 - EMG: 199.6Hz (1998样本) | 手部: 32.0Hz (321样本) | 持续时间: 10.0s
2025-03-26 21:14:15 - DataCollector - INFO - Myo采样统计 - 采样率: 203.8Hz | 平均间隔: 4.91ms | 标准差: 8.36ms
2025-03-26 21:14:20 - DataCollector - INFO - 采集统计 - EMG: 199.5Hz (2996样本) | 手部: 32.1Hz (482样本) | 持续时间: 15.0s
2025-03-26 21:14:20 - DataCollector - INFO - Myo采样统计 - 采样率: 200.6Hz | 平均间隔: 4.99ms | 标准差: 8.23ms
2025-03-26 21:14:25 - DataCollector - INFO - 采集统计 - EMG: 199.5Hz (3990样本) | 手部: 32.0Hz (642样本) | 持续时间: 20.0s
2025-03-26 21:14:25 - DataCollector - INFO - Myo采样统计 - 采样率: 201.9Hz | 平均间隔: 4.95ms | 标准差: 9.59ms
2025-03-26 21:14:30 - DataCollector - INFO - 采集统计 - EMG: 199.5Hz (4990样本) | 手部: 32.0Hz (802样本) | 持续时间: 25.0s
2025-03-26 21:14:30 - DataCollector - INFO - Myo采样统计 - 采样率: 199.8Hz | 平均间隔: 5.01ms | 标准差: 9.20ms
2025-03-26 21:14:35 - DataCollector - INFO - 采集统计 - EMG: 199.5Hz (5990样本) | 手部: 32.0Hz (962样本) | 持续时间: 30.0s
2025-03-26 21:14:35 - DataCollector - INFO - Myo采样统计 - 采样率: 197.0Hz | 平均间隔: 5.08ms | 标准差: 8.87ms
2025-03-26 21:14:40 - DataCollector - INFO - 采集统计 - EMG: 199.5Hz (6990样本) | 手部: 32.0Hz (1123样本) | 持续时间: 35.0s
2025-03-26 21:14:40 - DataCollector - INFO - Myo采样统计 - 采样率: 201.7Hz | 平均间隔: 4.96ms | 标准差: 9.33ms
2025-03-26 21:14:45 - DataCollector - INFO - 采集统计 - EMG: 199.5Hz (7986样本) | 手部: 32.0Hz (1283样本) | 持续时间: 40.0s
2025-03-26 21:14:45 - DataCollector - INFO - Myo采样统计 - 采样率: 207.4Hz | 平均间隔: 4.82ms | 标准差: 8.05ms
2025-03-26 21:14:50 - DataCollector - INFO - 正在保存数据到: data\20250326_211450_2_right_6.h5
2025-03-26 21:14:50 - DataCollector - INFO - 数据保存成功: data\20250326_211450_2_right_6.h5
2025-03-26 21:14:50 - DataCollector - INFO - 停止记录，文件保存在: data\20250326_211450_2_right_6.h5
2025-03-26 21:17:18 - DataCollector - INFO - 开始记录数据
2025-03-26 21:17:23 - DataCollector - INFO - 采集统计 - EMG: 200.3Hz (1000样本) | 手部: 32.0Hz (161样本) | 持续时间: 5.0s
2025-03-26 21:17:23 - DataCollector - INFO - Myo采样统计 - 采样率: 197.4Hz | 平均间隔: 5.07ms | 标准差: 8.77ms
2025-03-26 21:17:28 - DataCollector - INFO - 采集统计 - EMG: 199.8Hz (2000样本) | 手部: 32.0Hz (321样本) | 持续时间: 10.0s
2025-03-26 21:17:28 - DataCollector - INFO - Myo采样统计 - 采样率: 198.3Hz | 平均间隔: 5.04ms | 标准差: 8.94ms
2025-03-26 21:17:33 - DataCollector - INFO - 采集统计 - EMG: 199.8Hz (3000样本) | 手部: 32.0Hz (482样本) | 持续时间: 15.0s
2025-03-26 21:17:33 - DataCollector - INFO - Myo采样统计 - 采样率: 197.4Hz | 平均间隔: 5.07ms | 标准差: 8.91ms
2025-03-26 21:17:38 - DataCollector - INFO - 采集统计 - EMG: 199.7Hz (3996样本) | 手部: 32.0Hz (642样本) | 持续时间: 20.0s
2025-03-26 21:17:38 - DataCollector - INFO - Myo采样统计 - 采样率: 199.4Hz | 平均间隔: 5.01ms | 标准差: 9.27ms
2025-03-26 21:17:43 - DataCollector - INFO - 采集统计 - EMG: 199.7Hz (4996样本) | 手部: 32.0Hz (803样本) | 持续时间: 25.0s
2025-03-26 21:17:43 - DataCollector - INFO - Myo采样统计 - 采样率: 199.7Hz | 平均间隔: 5.01ms | 标准差: 9.84ms
2025-03-26 21:17:48 - DataCollector - INFO - 采集统计 - EMG: 199.6Hz (6000样本) | 手部: 32.0Hz (963样本) | 持续时间: 30.0s
2025-03-26 21:17:48 - DataCollector - INFO - Myo采样统计 - 采样率: 199.6Hz | 平均间隔: 5.01ms | 标准差: 8.47ms
2025-03-26 21:17:53 - DataCollector - INFO - 采集统计 - EMG: 199.6Hz (6996样本) | 手部: 32.1Hz (1124样本) | 持续时间: 35.0s
2025-03-26 21:17:53 - DataCollector - INFO - Myo采样统计 - 采样率: 199.6Hz | 平均间隔: 5.01ms | 标准差: 9.19ms
2025-03-26 21:17:54 - DataCollector - INFO - 正在保存数据到: data\20250326_211754_2_right_6.h5
2025-03-26 21:17:54 - DataCollector - INFO - 数据保存成功: data\20250326_211754_2_right_6.h5
2025-03-26 21:17:54 - DataCollector - INFO - 停止记录，文件保存在: data\20250326_211754_2_right_6.h5
2025-03-26 21:18:32 - DataCollector - INFO - 开始记录数据
2025-03-26 21:18:37 - DataCollector - INFO - 采集统计 - EMG: 200.2Hz (998样本) | 手部: 32.0Hz (161样本) | 持续时间: 5.0s
2025-03-26 21:18:37 - DataCollector - INFO - Myo采样统计 - 采样率: 199.9Hz | 平均间隔: 5.00ms | 标准差: 9.07ms
2025-03-26 21:18:42 - DataCollector - INFO - 采集统计 - EMG: 199.8Hz (1994样本) | 手部: 32.0Hz (321样本) | 持续时间: 10.0s
2025-03-26 21:18:42 - DataCollector - INFO - Myo采样统计 - 采样率: 195.4Hz | 平均间隔: 5.12ms | 标准差: 9.19ms
2025-03-26 21:18:47 - DataCollector - INFO - 采集统计 - EMG: 199.7Hz (2998样本) | 手部: 32.1Hz (482样本) | 持续时间: 15.0s
2025-03-26 21:18:47 - DataCollector - INFO - Myo采样统计 - 采样率: 201.2Hz | 平均间隔: 4.97ms | 标准差: 8.67ms
2025-03-26 21:18:52 - DataCollector - INFO - 采集统计 - EMG: 199.6Hz (3994样本) | 手部: 32.0Hz (642样本) | 持续时间: 20.0s
2025-03-26 21:18:52 - DataCollector - INFO - Myo采样统计 - 采样率: 199.3Hz | 平均间隔: 5.02ms | 标准差: 8.69ms
2025-03-26 21:18:57 - DataCollector - INFO - 采集统计 - EMG: 199.6Hz (4990样本) | 手部: 32.0Hz (802样本) | 持续时间: 25.0s
2025-03-26 21:18:57 - DataCollector - INFO - Myo采样统计 - 采样率: 199.8Hz | 平均间隔: 5.00ms | 标准差: 8.52ms
2025-03-26 21:19:02 - DataCollector - INFO - 采集统计 - EMG: 199.6Hz (5990样本) | 手部: 32.0Hz (962样本) | 持续时间: 30.0s
2025-03-26 21:19:02 - DataCollector - INFO - Myo采样统计 - 采样率: 198.8Hz | 平均间隔: 5.03ms | 标准差: 9.40ms
2025-03-26 21:19:07 - DataCollector - INFO - 采集统计 - EMG: 199.6Hz (6990样本) | 手部: 32.0Hz (1123样本) | 持续时间: 35.0s
2025-03-26 21:19:07 - DataCollector - INFO - Myo采样统计 - 采样率: 198.1Hz | 平均间隔: 5.05ms | 标准差: 9.51ms
2025-03-26 21:19:12 - DataCollector - INFO - 采集统计 - EMG: 199.6Hz (7986样本) | 手部: 32.0Hz (1283样本) | 持续时间: 40.1s
2025-03-26 21:19:12 - DataCollector - INFO - Myo采样统计 - 采样率: 195.1Hz | 平均间隔: 5.12ms | 标准差: 9.49ms
2025-03-26 21:19:16 - DataCollector - INFO - 正在保存数据到: data\20250326_211916_2_right_6.h5
2025-03-26 21:19:16 - DataCollector - INFO - 数据保存成功: data\20250326_211916_2_right_6.h5
2025-03-26 21:19:16 - DataCollector - INFO - 停止记录，文件保存在: data\20250326_211916_2_right_6.h5
2025-03-26 21:20:50 - DataCollector - INFO - 开始记录数据
2025-03-26 21:20:55 - DataCollector - INFO - 采集统计 - EMG: 200.4Hz (1000样本) | 手部: 32.1Hz (161样本) | 持续时间: 5.0s
2025-03-26 21:20:55 - DataCollector - INFO - Myo采样统计 - 采样率: 206.4Hz | 平均间隔: 4.84ms | 标准差: 8.26ms
2025-03-26 21:21:00 - DataCollector - INFO - 采集统计 - EMG: 199.9Hz (1996样本) | 手部: 32.1Hz (321样本) | 持续时间: 10.0s
2025-03-26 21:21:00 - DataCollector - INFO - Myo采样统计 - 采样率: 200.8Hz | 平均间隔: 4.98ms | 标准差: 8.47ms
2025-03-26 21:21:05 - DataCollector - INFO - 采集统计 - EMG: 199.7Hz (3000样本) | 手部: 32.1Hz (482样本) | 持续时间: 15.0s
2025-03-26 21:21:05 - DataCollector - INFO - Myo采样统计 - 采样率: 200.6Hz | 平均间隔: 4.98ms | 标准差: 8.78ms
2025-03-26 21:21:10 - DataCollector - INFO - 采集统计 - EMG: 199.7Hz (3992样本) | 手部: 32.1Hz (643样本) | 持续时间: 20.0s
2025-03-26 21:21:10 - DataCollector - INFO - Myo采样统计 - 采样率: 195.0Hz | 平均间隔: 5.13ms | 标准差: 8.76ms
2025-03-26 21:21:15 - DataCollector - INFO - 采集统计 - EMG: 199.6Hz (4992样本) | 手部: 32.1Hz (803样本) | 持续时间: 25.0s
2025-03-26 21:21:15 - DataCollector - INFO - Myo采样统计 - 采样率: 196.3Hz | 平均间隔: 5.09ms | 标准差: 8.45ms
2025-03-26 21:21:20 - DataCollector - INFO - 采集统计 - EMG: 199.6Hz (5992样本) | 手部: 32.1Hz (963样本) | 持续时间: 30.0s
2025-03-26 21:21:20 - DataCollector - INFO - Myo采样统计 - 采样率: 197.3Hz | 平均间隔: 5.07ms | 标准差: 9.14ms
2025-03-26 21:21:25 - DataCollector - INFO - 采集统计 - EMG: 199.6Hz (6992样本) | 手部: 32.1Hz (1124样本) | 持续时间: 35.1s
2025-03-26 21:21:25 - DataCollector - INFO - Myo采样统计 - 采样率: 206.1Hz | 平均间隔: 4.85ms | 标准差: 9.21ms
2025-03-26 21:21:30 - DataCollector - INFO - 采集统计 - EMG: 199.6Hz (7994样本) | 手部: 32.1Hz (1284样本) | 持续时间: 40.1s
2025-03-26 21:21:30 - DataCollector - INFO - Myo采样统计 - 采样率: 202.8Hz | 平均间隔: 4.93ms | 标准差: 9.03ms
2025-03-26 21:21:35 - DataCollector - INFO - 正在保存数据到: data\20250326_212135_2_right_6.h5
2025-03-26 21:21:35 - DataCollector - INFO - 数据保存成功: data\20250326_212135_2_right_6.h5
2025-03-26 21:21:35 - DataCollector - INFO - 停止记录，文件保存在: data\20250326_212135_2_right_6.h5
2025-03-26 21:22:57 - DataCollector - INFO - 开始记录数据
2025-03-26 21:23:02 - DataCollector - INFO - 采集统计 - EMG: 200.3Hz (1000样本) | 手部: 32.1Hz (161样本) | 持续时间: 5.0s
2025-03-26 21:23:02 - DataCollector - INFO - Myo采样统计 - 采样率: 199.3Hz | 平均间隔: 5.02ms | 标准差: 9.13ms
2025-03-26 21:23:07 - DataCollector - INFO - 采集统计 - EMG: 199.9Hz (2000样本) | 手部: 32.1Hz (322样本) | 持续时间: 10.0s
2025-03-26 21:23:07 - DataCollector - INFO - Myo采样统计 - 采样率: 205.2Hz | 平均间隔: 4.87ms | 标准差: 9.06ms
2025-03-26 21:23:12 - DataCollector - INFO - 采集统计 - EMG: 199.8Hz (2996样本) | 手部: 32.1Hz (482样本) | 持续时间: 15.0s
2025-03-26 21:23:12 - DataCollector - INFO - Myo采样统计 - 采样率: 197.5Hz | 平均间隔: 5.06ms | 标准差: 8.63ms
2025-03-26 21:23:17 - DataCollector - INFO - 采集统计 - EMG: 199.7Hz (3994样本) | 手部: 32.1Hz (643样本) | 持续时间: 20.0s
2025-03-26 21:23:17 - DataCollector - INFO - Myo采样统计 - 采样率: 198.9Hz | 平均间隔: 5.03ms | 标准差: 8.63ms
2025-03-26 21:23:22 - DataCollector - INFO - 采集统计 - EMG: 199.7Hz (4996样本) | 手部: 32.1Hz (804样本) | 持续时间: 25.0s
2025-03-26 21:23:22 - DataCollector - INFO - Myo采样统计 - 采样率: 199.9Hz | 平均间隔: 5.00ms | 标准差: 8.56ms
2025-03-26 21:23:27 - DataCollector - INFO - 采集统计 - EMG: 199.6Hz (5992样本) | 手部: 32.1Hz (964样本) | 持续时间: 30.0s
2025-03-26 21:23:27 - DataCollector - INFO - Myo采样统计 - 采样率: 207.4Hz | 平均间隔: 4.82ms | 标准差: 8.36ms
2025-03-26 21:23:32 - DataCollector - INFO - 采集统计 - EMG: 199.6Hz (6992样本) | 手部: 32.1Hz (1125样本) | 持续时间: 35.1s
2025-03-26 21:23:32 - DataCollector - INFO - Myo采样统计 - 采样率: 201.3Hz | 平均间隔: 4.97ms | 标准差: 8.68ms
2025-03-26 21:23:37 - DataCollector - INFO - 采集统计 - EMG: 199.6Hz (7996样本) | 手部: 32.1Hz (1286样本) | 持续时间: 40.1s
2025-03-26 21:23:37 - DataCollector - INFO - Myo采样统计 - 采样率: 200.4Hz | 平均间隔: 4.99ms | 标准差: 9.26ms
2025-03-26 21:23:41 - DataCollector - INFO - 正在保存数据到: data\20250326_212341_2_right_6.h5
2025-03-26 21:23:41 - DataCollector - INFO - 数据保存成功: data\20250326_212341_2_right_6.h5
2025-03-26 21:23:41 - DataCollector - INFO - 停止记录，文件保存在: data\20250326_212341_2_right_6.h5
2025-03-26 21:25:27 - DataCollector - INFO - 开始记录数据
2025-03-26 21:25:32 - DataCollector - INFO - 采集统计 - EMG: 199.5Hz (994样本) | 手部: 32.1Hz (161样本) | 持续时间: 5.0s
2025-03-26 21:25:32 - DataCollector - INFO - Myo采样统计 - 采样率: 202.1Hz | 平均间隔: 4.95ms | 标准差: 8.47ms
2025-03-26 21:25:37 - DataCollector - INFO - 采集统计 - EMG: 199.6Hz (1996样本) | 手部: 32.1Hz (322样本) | 持续时间: 10.0s
2025-03-26 21:25:37 - DataCollector - INFO - Myo采样统计 - 采样率: 202.2Hz | 平均间隔: 4.95ms | 标准差: 8.36ms
2025-03-26 21:25:42 - DataCollector - INFO - 采集统计 - EMG: 199.6Hz (2994样本) | 手部: 32.1Hz (482样本) | 持续时间: 15.0s
2025-03-26 21:25:42 - DataCollector - INFO - Myo采样统计 - 采样率: 200.7Hz | 平均间隔: 4.98ms | 标准差: 8.70ms
2025-03-26 21:25:47 - DataCollector - INFO - 采集统计 - EMG: 199.5Hz (3996样本) | 手部: 32.1Hz (643样本) | 持续时间: 20.0s
2025-03-26 21:25:47 - DataCollector - INFO - Myo采样统计 - 采样率: 197.8Hz | 平均间隔: 5.06ms | 标准差: 8.64ms
2025-03-26 21:25:52 - DataCollector - INFO - 采集统计 - EMG: 199.5Hz (4994样本) | 手部: 32.1Hz (803样本) | 持续时间: 25.0s
2025-03-26 21:25:52 - DataCollector - INFO - Myo采样统计 - 采样率: 202.3Hz | 平均间隔: 4.94ms | 标准差: 8.52ms
2025-03-26 21:25:57 - DataCollector - INFO - 采集统计 - EMG: 199.6Hz (5992样本) | 手部: 32.1Hz (964样本) | 持续时间: 30.1s
2025-03-26 21:25:57 - DataCollector - INFO - Myo采样统计 - 采样率: 205.3Hz | 平均间隔: 4.87ms | 标准差: 8.71ms
2025-03-26 21:26:02 - DataCollector - INFO - 采集统计 - EMG: 199.5Hz (6988样本) | 手部: 32.1Hz (1124样本) | 持续时间: 35.1s
2025-03-26 21:26:02 - DataCollector - INFO - Myo采样统计 - 采样率: 200.8Hz | 平均间隔: 4.98ms | 标准差: 8.96ms
2025-03-26 21:26:07 - DataCollector - INFO - 采集统计 - EMG: 199.5Hz (7992样本) | 手部: 32.1Hz (1284样本) | 持续时间: 40.1s
2025-03-26 21:26:07 - DataCollector - INFO - Myo采样统计 - 采样率: 198.9Hz | 平均间隔: 5.03ms | 标准差: 9.44ms
2025-03-26 21:26:12 - DataCollector - INFO - 采集统计 - EMG: 199.5Hz (8988样本) | 手部: 32.1Hz (1445样本) | 持续时间: 45.1s
2025-03-26 21:26:12 - DataCollector - INFO - Myo采样统计 - 采样率: 199.7Hz | 平均间隔: 5.01ms | 标准差: 9.19ms
2025-03-26 21:26:17 - DataCollector - INFO - 采集统计 - EMG: 199.5Hz (9988样本) | 手部: 32.1Hz (1605样本) | 持续时间: 50.1s
2025-03-26 21:26:17 - DataCollector - INFO - Myo采样统计 - 采样率: 199.9Hz | 平均间隔: 5.00ms | 标准差: 8.69ms
2025-03-26 21:26:22 - DataCollector - INFO - 采集统计 - EMG: 199.5Hz (10986样本) | 手部: 32.1Hz (1766样本) | 持续时间: 55.1s
2025-03-26 21:26:22 - DataCollector - INFO - Myo采样统计 - 采样率: 202.7Hz | 平均间隔: 4.93ms | 标准差: 8.28ms
2025-03-26 21:26:23 - DataCollector - INFO - 正在保存数据到: data\20250326_212623_2_right_6.h5
2025-03-26 21:26:23 - DataCollector - INFO - 数据保存成功: data\20250326_212623_2_right_6.h5
2025-03-26 21:26:23 - DataCollector - INFO - 停止记录，文件保存在: data\20250326_212623_2_right_6.h5
2025-03-26 21:27:47 - DataCollector - INFO - 开始记录数据
2025-03-26 21:27:52 - DataCollector - INFO - 采集统计 - EMG: 200.5Hz (996样本) | 手部: 32.0Hz (161样本) | 持续时间: 5.0s
2025-03-26 21:27:52 - DataCollector - INFO - Myo采样统计 - 采样率: 199.4Hz | 平均间隔: 5.01ms | 标准差: 9.18ms
2025-03-26 21:27:57 - DataCollector - INFO - 采集统计 - EMG: 199.9Hz (1996样本) | 手部: 32.0Hz (321样本) | 持续时间: 10.0s
2025-03-26 21:27:57 - DataCollector - INFO - Myo采样统计 - 采样率: 196.2Hz | 平均间隔: 5.10ms | 标准差: 8.64ms
2025-03-26 21:28:02 - DataCollector - INFO - 采集统计 - EMG: 199.7Hz (2998样本) | 手部: 32.0Hz (482样本) | 持续时间: 15.0s
2025-03-26 21:28:02 - DataCollector - INFO - Myo采样统计 - 采样率: 198.3Hz | 平均间隔: 5.04ms | 标准差: 9.03ms
2025-03-26 21:28:07 - DataCollector - INFO - 采集统计 - EMG: 199.7Hz (3996样本) | 手部: 32.0Hz (642样本) | 持续时间: 20.0s
2025-03-26 21:28:07 - DataCollector - INFO - Myo采样统计 - 采样率: 205.1Hz | 平均间隔: 4.87ms | 标准差: 8.77ms
2025-03-26 21:28:12 - DataCollector - INFO - 采集统计 - EMG: 199.6Hz (4994样本) | 手部: 32.0Hz (801样本) | 持续时间: 25.0s
2025-03-26 21:28:12 - DataCollector - INFO - Myo采样统计 - 采样率: 202.1Hz | 平均间隔: 4.95ms | 标准差: 8.45ms
2025-03-26 21:28:17 - DataCollector - INFO - 采集统计 - EMG: 199.6Hz (5994样本) | 手部: 32.0Hz (962样本) | 持续时间: 30.0s
2025-03-26 21:28:17 - DataCollector - INFO - Myo采样统计 - 采样率: 198.8Hz | 平均间隔: 5.03ms | 标准差: 8.24ms
2025-03-26 21:28:22 - DataCollector - INFO - 采集统计 - EMG: 199.6Hz (6988样本) | 手部: 32.0Hz (1122样本) | 持续时间: 35.1s
2025-03-26 21:28:22 - DataCollector - INFO - Myo采样统计 - 采样率: 194.5Hz | 平均间隔: 5.14ms | 标准差: 9.53ms
2025-03-26 21:28:27 - DataCollector - INFO - 采集统计 - EMG: 199.6Hz (7992样本) | 手部: 32.0Hz (1283样本) | 持续时间: 40.1s
2025-03-26 21:28:27 - DataCollector - INFO - Myo采样统计 - 采样率: 201.8Hz | 平均间隔: 4.96ms | 标准差: 8.60ms
2025-03-26 21:28:32 - DataCollector - INFO - 采集统计 - EMG: 199.6Hz (8988样本) | 手部: 32.0Hz (1443样本) | 持续时间: 45.1s
2025-03-26 21:28:32 - DataCollector - INFO - Myo采样统计 - 采样率: 198.8Hz | 平均间隔: 5.03ms | 标准差: 9.94ms
2025-03-26 21:28:37 - DataCollector - INFO - 采集统计 - EMG: 199.6Hz (9990样本) | 手部: 32.0Hz (1604样本) | 持续时间: 50.1s
2025-03-26 21:28:37 - DataCollector - INFO - Myo采样统计 - 采样率: 200.8Hz | 平均间隔: 4.98ms | 标准差: 9.21ms
2025-03-26 21:28:42 - DataCollector - INFO - 采集统计 - EMG: 199.6Hz (10988样本) | 手部: 32.0Hz (1764样本) | 持续时间: 55.1s
2025-03-26 21:28:42 - DataCollector - INFO - Myo采样统计 - 采样率: 200.0Hz | 平均间隔: 5.00ms | 标准差: 8.61ms
2025-03-26 21:28:43 - DataCollector - INFO - 正在保存数据到: data\20250326_212843_2_right_6.h5
2025-03-26 21:28:43 - DataCollector - INFO - 数据保存成功: data\20250326_212843_2_right_6.h5
2025-03-26 21:28:43 - DataCollector - INFO - 停止记录，文件保存在: data\20250326_212843_2_right_6.h5
2025-03-26 21:29:59 - DataCollector - INFO - 开始记录数据
2025-03-26 21:30:04 - DataCollector - INFO - 采集统计 - EMG: 200.2Hz (1002样本) | 手部: 32.0Hz (161样本) | 持续时间: 5.0s
2025-03-26 21:30:04 - DataCollector - INFO - Myo采样统计 - 采样率: 197.3Hz | 平均间隔: 5.07ms | 标准差: 8.88ms
2025-03-26 21:30:09 - DataCollector - INFO - 采集统计 - EMG: 199.8Hz (2002样本) | 手部: 32.0Hz (321样本) | 持续时间: 10.0s
2025-03-26 21:30:09 - DataCollector - INFO - Myo采样统计 - 采样率: 202.6Hz | 平均间隔: 4.94ms | 标准差: 9.34ms
2025-03-26 21:30:14 - DataCollector - INFO - 采集统计 - EMG: 199.7Hz (2996样本) | 手部: 32.0Hz (481样本) | 持续时间: 15.0s
2025-03-26 21:30:14 - DataCollector - INFO - Myo采样统计 - 采样率: 195.3Hz | 平均间隔: 5.12ms | 标准差: 9.23ms
2025-03-26 21:30:19 - DataCollector - INFO - 采集统计 - EMG: 199.7Hz (3998样本) | 手部: 32.0Hz (641样本) | 持续时间: 20.0s
2025-03-26 21:30:19 - DataCollector - INFO - Myo采样统计 - 采样率: 201.7Hz | 平均间隔: 4.96ms | 标准差: 8.45ms
2025-03-26 21:30:24 - DataCollector - INFO - 采集统计 - EMG: 199.6Hz (4994样本) | 手部: 32.0Hz (802样本) | 持续时间: 25.0s
2025-03-26 21:30:24 - DataCollector - INFO - Myo采样统计 - 采样率: 199.7Hz | 平均间隔: 5.01ms | 标准差: 8.56ms
2025-03-26 21:30:29 - DataCollector - INFO - 采集统计 - EMG: 199.5Hz (5992样本) | 手部: 32.0Hz (962样本) | 持续时间: 30.0s
2025-03-26 21:30:29 - DataCollector - INFO - Myo采样统计 - 采样率: 194.8Hz | 平均间隔: 5.13ms | 标准差: 8.73ms
2025-03-26 21:30:34 - DataCollector - INFO - 采集统计 - EMG: 199.6Hz (6992样本) | 手部: 32.0Hz (1123样本) | 持续时间: 35.0s
2025-03-26 21:30:34 - DataCollector - INFO - Myo采样统计 - 采样率: 206.6Hz | 平均间隔: 4.84ms | 标准差: 9.10ms
2025-03-26 21:30:39 - DataCollector - INFO - 采集统计 - EMG: 199.6Hz (7990样本) | 手部: 32.1Hz (1284样本) | 持续时间: 40.0s
2025-03-26 21:30:39 - DataCollector - INFO - Myo采样统计 - 采样率: 205.3Hz | 平均间隔: 4.87ms | 标准差: 8.24ms
2025-03-26 21:30:44 - DataCollector - INFO - 采集统计 - EMG: 199.6Hz (8990样本) | 手部: 32.1Hz (1445样本) | 持续时间: 45.0s
2025-03-26 21:30:44 - DataCollector - INFO - Myo采样统计 - 采样率: 204.0Hz | 平均间隔: 4.90ms | 标准差: 8.98ms
2025-03-26 21:30:49 - DataCollector - INFO - 采集统计 - EMG: 199.5Hz (9989样本) | 手部: 32.1Hz (1605样本) | 持续时间: 50.0s
2025-03-26 21:30:49 - DataCollector - INFO - Myo采样统计 - 采样率: 201.2Hz | 平均间隔: 4.97ms | 标准差: 9.08ms
2025-03-26 21:30:54 - DataCollector - INFO - 采集统计 - EMG: 199.5Hz (10982样本) | 手部: 32.1Hz (1766样本) | 持续时间: 55.1s
2025-03-26 21:30:54 - DataCollector - INFO - Myo采样统计 - 采样率: 192.7Hz | 平均间隔: 5.19ms | 标准差: 9.88ms
2025-03-26 21:30:54 - DataCollector - INFO - 正在保存数据到: data\20250326_213054_2_right_6.h5
2025-03-26 21:30:54 - DataCollector - INFO - 数据保存成功: data\20250326_213054_2_right_6.h5
2025-03-26 21:30:54 - DataCollector - INFO - 停止记录，文件保存在: data\20250326_213054_2_right_6.h5
2025-03-28 19:27:20 - DataCollector - INFO - 数据采集线程已启动
2025-03-29 16:44:40 - DataCollector - INFO - 数据采集线程已启动
